/Users/sinjungho/Project/portfolio-builder/node_modules/@prisma/client/src/runtime/getPrismaClient.ts:260
        throw new PrismaClientInitializationError(
              ^

PrismaClientInitializationError: `PrismaClient` needs to be constructed with a non-empty, valid `PrismaClientOptions`:

```
new PrismaClient({
  ...
})
```

or

```
constructor() {
  super({ ... });
}
```
          
    at new t (/Users/sinjungho/Project/portfolio-builder/node_modules/@prisma/client/src/runtime/getPrismaClient.ts:260:15)
    at <anonymous> (/Users/sinjungho/Project/portfolio-builder/test-prisma.ts:2:16)
    at Object.<anonymous> (/Users/sinjungho/Project/portfolio-builder/test-prisma.ts:23:6)
    at Module._compile (node:internal/modules/cjs/loader:1811:14)
    at Object.transformer (/Users/sinjungho/.npm/_npx/fd45a72a545557e9/node_modules/tsx/dist/register-D46fvsV_.cjs:3:1104)
    at Module.load (node:internal/modules/cjs/loader:1532:32)
    at Module._load (node:internal/modules/cjs/loader:1334:12)
    at wrapModuleLoad (node:internal/modules/cjs/loader:255:19)
    at loadCJSModuleWithModuleLoad (node:internal/modules/esm/translators:320:3)
    at ModuleWrap.<anonymous> (node:internal/modules/esm/translators:225:7) {
  clientVersion: '7.4.2',
  errorCode: undefined,
  retryable: undefined
}

Node.js v25.7.0
